// Jest Snapshot v1, https://goo.gl/fbAQLP

exports[`<BulkEditPanel /> should render 1`] = `
<body>
  <div>
    <div
      class="<removed-for-snapshot-test>"
    >
      <div
        class="<removed-for-snapshot-test>"
      >
        <p
          class="<removed-for-snapshot-test>"
        >
          2
        </p>
        <p
          class="<removed-for-snapshot-test>"
        >
          Streams
        </p>
      </div>
      <div
        class="<removed-for-snapshot-test>"
      >
        <p
          class="<removed-for-snapshot-test>"
        >
          Sync
        </p>
        <div
          class="<removed-for-snapshot-test>"
        >
          <label
            class="<removed-for-snapshot-test>"
          >
            <input
              aria-checked="false"
              class="<removed-for-snapshot-test>"
              type="checkbox"
              value=""
            />
            <span
              class="<removed-for-snapshot-test>"
            />
          </label>
        </div>
      </div>
      <div
        class="<removed-for-snapshot-test>"
      >
        <p
          class="<removed-for-snapshot-test>"
        >
          Sync mode
        </p>
        <div
          class="<removed-for-snapshot-test>"
        >
          <div
            class="<removed-for-snapshot-test>"
            role="combobox"
          >
            <span
              class="<removed-for-snapshot-test>"
              id="react-select-2-live-region"
            />
            <span
              aria-atomic="false"
              aria-live="polite"
              aria-relevant="additions text"
              class="<removed-for-snapshot-test>"
            />
            <div>
              <span
                class="<removed-for-snapshot-test>"
              >
                <button
                  class="<removed-for-snapshot-test>"
                  type="button"
                >
                  <div
                    class="<removed-for-snapshot-test>"
                  >
                    <span
                      class="<removed-for-snapshot-test>"
                      data-type="text"
                    />
                  </div>
                  <svg
                    aria-hidden="true"
                    class="<removed-for-snapshot-test>"
                    data-icon="caret-down"
                    data-prefix="fas"
                    focusable="false"
                    role="img"
                    viewBox="0 0 320 512"
                    xmlns="http://www.w3.org/2000/svg"
                  >
                    <path
                      d="M310.6 246.6l-127.1 128C176.4 380.9 168.2 384 160 384s-16.38-3.125-22.63-9.375l-127.1-128C.2244 237.5-2.516 223.7 2.438 211.8S19.07 192 32 192h255.1c12.94 0 24.62 7.781 29.58 19.75S319.8 237.5 310.6 246.6z"
                      fill="currentColor"
                    />
                  </svg>
                </button>
              </span>
            </div>
          </div>
        </div>
      </div>
      <div
        class="<removed-for-snapshot-test>"
      >
        <p
          class="<removed-for-snapshot-test>"
        >
          Cursor field
        </p>
        <div
          class="<removed-for-snapshot-test>"
        >
          <div
            class="<removed-for-snapshot-test>"
            role="combobox"
          >
            <span
              class="<removed-for-snapshot-test>"
              id="react-select-3-live-region"
            />
            <span
              aria-atomic="false"
              aria-live="polite"
              aria-relevant="additions text"
              class="<removed-for-snapshot-test>"
            />
            <div>
              <span
                class="<removed-for-snapshot-test>"
              >
                <button
                  class="<removed-for-snapshot-test>"
                  disabled=""
                  type="button"
                >
                  <div
                    class="<removed-for-snapshot-test>"
                  >
                    <span
                      class="<removed-for-snapshot-test>"
                      data-type="text"
                    >
                      Not available
                    </span>
                  </div>
                  <svg
                    aria-hidden="true"
                    class="<removed-for-snapshot-test>"
                    data-icon="caret-down"
                    data-prefix="fas"
                    focusable="false"
                    role="img"
                    viewBox="0 0 320 512"
                    xmlns="http://www.w3.org/2000/svg"
                  >
                    <path
                      d="M310.6 246.6l-127.1 128C176.4 380.9 168.2 384 160 384s-16.38-3.125-22.63-9.375l-127.1-128C.2244 237.5-2.516 223.7 2.438 211.8S19.07 192 32 192h255.1c12.94 0 24.62 7.781 29.58 19.75S319.8 237.5 310.6 246.6z"
                      fill="currentColor"
                    />
                  </svg>
                </button>
              </span>
            </div>
          </div>
        </div>
      </div>
      <div
        class="<removed-for-snapshot-test>"
      >
        <p
          class="<removed-for-snapshot-test>"
        >
          Primary key
        </p>
        <div
          class="<removed-for-snapshot-test>"
        >
          <div
            class="<removed-for-snapshot-test>"
            role="combobox"
          >
            <span
              class="<removed-for-snapshot-test>"
              id="react-select-4-live-region"
            />
            <span
              aria-atomic="false"
              aria-live="polite"
              aria-relevant="additions text"
              class="<removed-for-snapshot-test>"
            />
            <div>
              <span
                class="<removed-for-snapshot-test>"
              >
                <button
                  class="<removed-for-snapshot-test>"
                  disabled=""
                  type="button"
                >
                  <div
                    class="<removed-for-snapshot-test>"
                  >
                    <span
                      class="<removed-for-snapshot-test>"
                      data-type="text"
                    >
                      Not available
                    </span>
                  </div>
                  <svg
                    aria-hidden="true"
                    class="<removed-for-snapshot-test>"
                    data-icon="caret-down"
                    data-prefix="fas"
                    focusable="false"
                    role="img"
                    viewBox="0 0 320 512"
                    xmlns="http://www.w3.org/2000/svg"
                  >
                    <path
                      d="M310.6 246.6l-127.1 128C176.4 380.9 168.2 384 160 384s-16.38-3.125-22.63-9.375l-127.1-128C.2244 237.5-2.516 223.7 2.438 211.8S19.07 192 32 192h255.1c12.94 0 24.62 7.781 29.58 19.75S319.8 237.5 310.6 246.6z"
                      fill="currentColor"
                    />
                  </svg>
                </button>
              </span>
            </div>
          </div>
        </div>
      </div>
      <div
        class="<removed-for-snapshot-test>"
      >
        <button
          class="<removed-for-snapshot-test>"
        >
          <div
            class="<removed-for-snapshot-test>"
          >
            Cancel
          </div>
        </button>
        <button
          class="<removed-for-snapshot-test>"
        >
          <div
            class="<removed-for-snapshot-test>"
          >
            Apply
          </div>
        </button>
      </div>
    </div>
  </div>
</body>
`;
