// Jest Snapshot v1, https://goo.gl/fbAQLP

exports[`<BulkEditPanel /> should render 1`] = `
<body>
  <div>
    <div
      class="<removed-for-snapshot-test>"
    >
      <div
        class="<removed-for-snapshot-test>"
      >
        <p
          class="<removed-for-snapshot-test>"
        >
          2
        </p>
        <p
          class="<removed-for-snapshot-test>"
        >
          Streams
        </p>
      </div>
      <div
        class="<removed-for-snapshot-test>"
      >
        <p
          class="<removed-for-snapshot-test>"
        >
          Sync
        </p>
        <div
          class="<removed-for-snapshot-test>"
        >
          <label
            class="<removed-for-snapshot-test>"
          >
            <input
              aria-checked="false"
              class="<removed-for-snapshot-test>"
              type="checkbox"
              value=""
            />
            <span
              class="<removed-for-snapshot-test>"
            />
          </label>
        </div>
      </div>
      <div
        class="<removed-for-snapshot-test>"
      >
        <p
          class="<removed-for-snapshot-test>"
        >
          Sync mode
        </p>
        <div
          class="<removed-for-snapshot-test>"
        >
          <div
            class="<removed-for-snapshot-test>"
            role="combobox"
          >
            <span
              class="<removed-for-snapshot-test>"
              id="react-select-2-live-region"
            />
            <span
              aria-atomic="false"
              aria-live="polite"
              aria-relevant="additions text"
              class="<removed-for-snapshot-test>"
            />
            <div>
              <span
                class="<removed-for-snapshot-test>"
              >
                <button
                  class="<removed-for-snapshot-test>"
                  type="button"
                >
                  <div
                    class="<removed-for-snapshot-test>"
                  >
                    <span
                      class="<removed-for-snapshot-test>"
                      data-type="text"
                    />
                  </div>
                  <svg
                    aria-hidden="true"
                    class="<removed-for-snapshot-test>"
                    data-icon="caret-down"
                    data-prefix="fas"
                    focusable="false"
                    role="img"
                    viewBox="0 0 320 512"
                    xmlns="http://www.w3.org/2000/svg"
                  >
                    <path
                      d="M137.4 374.6c12.5 12.5 32.8 12.5 45.3 0l128-128c9.2-9.2 11.9-22.9 6.9-34.9s-16.6-19.8-29.6-19.8L32 192c-12.9 0-24.6 7.8-29.6 19.8s-2.2 25.7 6.9 34.9l128 128z"
                      fill="currentColor"
                    />
                  </svg>
                </button>
              </span>
            </div>
          </div>
        </div>
      </div>
      <div
        class="<removed-for-snapshot-test>"
      >
        <p
          class="<removed-for-snapshot-test>"
        >
          Cursor field
        </p>
        <div
          class="<removed-for-snapshot-test>"
        >
          <div
            class="<removed-for-snapshot-test>"
            role="combobox"
          >
            <span
              class="<removed-for-snapshot-test>"
              id="react-select-3-live-region"
            />
            <span
              aria-atomic="false"
              aria-live="polite"
              aria-relevant="additions text"
              class="<removed-for-snapshot-test>"
            />
            <div>
              <span
                class="<removed-for-snapshot-test>"
              >
                <button
                  class="<removed-for-snapshot-test>"
                  disabled=""
                  type="button"
                >
                  <div
                    class="<removed-for-snapshot-test>"
                  >
                    <span
                      class="<removed-for-snapshot-test>"
                      data-type="text"
                    >
                      Not available
                    </span>
                  </div>
                  <svg
                    aria-hidden="true"
                    class="<removed-for-snapshot-test>"
                    data-icon="caret-down"
                    data-prefix="fas"
                    focusable="false"
                    role="img"
                    viewBox="0 0 320 512"
                    xmlns="http://www.w3.org/2000/svg"
                  >
                    <path
                      d="M137.4 374.6c12.5 12.5 32.8 12.5 45.3 0l128-128c9.2-9.2 11.9-22.9 6.9-34.9s-16.6-19.8-29.6-19.8L32 192c-12.9 0-24.6 7.8-29.6 19.8s-2.2 25.7 6.9 34.9l128 128z"
                      fill="currentColor"
                    />
                  </svg>
                </button>
              </span>
            </div>
          </div>
        </div>
      </div>
      <div
        class="<removed-for-snapshot-test>"
      >
        <p
          class="<removed-for-snapshot-test>"
        >
          Primary key
        </p>
        <div
          class="<removed-for-snapshot-test>"
        >
          <div
            class="<removed-for-snapshot-test>"
            role="combobox"
          >
            <span
              class="<removed-for-snapshot-test>"
              id="react-select-4-live-region"
            />
            <span
              aria-atomic="false"
              aria-live="polite"
              aria-relevant="additions text"
              class="<removed-for-snapshot-test>"
            />
            <div>
              <span
                class="<removed-for-snapshot-test>"
              >
                <button
                  class="<removed-for-snapshot-test>"
                  disabled=""
                  type="button"
                >
                  <div
                    class="<removed-for-snapshot-test>"
                  >
                    <span
                      class="<removed-for-snapshot-test>"
                      data-type="text"
                    >
                      Not available
                    </span>
                  </div>
                  <svg
                    aria-hidden="true"
                    class="<removed-for-snapshot-test>"
                    data-icon="caret-down"
                    data-prefix="fas"
                    focusable="false"
                    role="img"
                    viewBox="0 0 320 512"
                    xmlns="http://www.w3.org/2000/svg"
                  >
                    <path
                      d="M137.4 374.6c12.5 12.5 32.8 12.5 45.3 0l128-128c9.2-9.2 11.9-22.9 6.9-34.9s-16.6-19.8-29.6-19.8L32 192c-12.9 0-24.6 7.8-29.6 19.8s-2.2 25.7 6.9 34.9l128 128z"
                      fill="currentColor"
                    />
                  </svg>
                </button>
              </span>
            </div>
          </div>
        </div>
      </div>
      <div
        class="<removed-for-snapshot-test>"
      >
        <button
          class="<removed-for-snapshot-test>"
        >
          <div
            class="<removed-for-snapshot-test>"
          >
            Cancel
          </div>
        </button>
        <button
          class="<removed-for-snapshot-test>"
        >
          <div
            class="<removed-for-snapshot-test>"
          >
            Apply
          </div>
        </button>
      </div>
    </div>
  </div>
</body>
`;
