// Jest Snapshot v1, https://goo.gl/fbAQLP

exports[`CreateConnectionForm should render 1`] = `
<body>
  <div>
    <div
      class="<removed-for-snapshot-test>"
    >
      <form
        action="#"
      >
        <div
          class="<removed-for-snapshot-test>"
        >
          <div
            class="<removed-for-snapshot-test>"
          >
            <h2
              class="<removed-for-snapshot-test>"
            >
              Connection
            </h2>
            <div
              class="<removed-for-snapshot-test>"
            >
              <div
                class="<removed-for-snapshot-test>"
              >
                <div
                  class="<removed-for-snapshot-test>"
                >
                  <label
                    class="<removed-for-snapshot-test>"
                  >
                    Connection name
                    <span
                      class="<removed-for-snapshot-test>"
                    >
                      <span
                        class="<removed-for-snapshot-test>"
                      >
                        <span
                          class="<removed-for-snapshot-test>"
                        >
                          <svg
                            fill="none"
                            height="11"
                            viewBox="0 0 14 14"
                            width="11"
                          >
                            <path
                              d="M7.00016 13.6663C3.31816 13.6663 0.333496 10.6817 0.333496 6.99967C0.333496 3.31767 3.31816 0.333008 7.00016 0.333008C10.6822 0.333008 13.6668 3.31767 13.6668 6.99967C13.6668 10.6817 10.6822 13.6663 7.00016 13.6663ZM7.00016 12.333C8.41465 12.333 9.77121 11.7711 10.7714 10.7709C11.7716 9.77072 12.3335 8.41416 12.3335 6.99967C12.3335 5.58519 11.7716 4.22863 10.7714 3.22844C9.77121 2.22824 8.41465 1.66634 7.00016 1.66634C5.58567 1.66634 4.22912 2.22824 3.22893 3.22844C2.22873 4.22863 1.66683 5.58519 1.66683 6.99967C1.66683 8.41416 2.22873 9.77072 3.22893 10.7709C4.22912 11.7711 5.58567 12.333 7.00016 12.333ZM6.3335 3.66634H7.66683V4.99967H6.3335V3.66634ZM6.3335 6.33301H7.66683V10.333H6.3335V6.33301Z"
                              fill="currentColor"
                            />
                          </svg>
                        </span>
                      </span>
                    </span>
                  </label>
                </div>
              </div>
              <div
                class="<removed-for-snapshot-test>"
              >
                <div
                  class="<removed-for-snapshot-test>"
                  data-testid="input-container"
                >
                  <input
                    class="<removed-for-snapshot-test>"
                    data-testid="connectionName"
                    name="name"
                    placeholder="Name"
                    value="Scrafty <> Heroku Postgres"
                  />
                </div>
              </div>
            </div>
          </div>
        </div>
        <div
          class="<removed-for-snapshot-test>"
        >
          <div
            class="<removed-for-snapshot-test>"
          >
            <div
              class="<removed-for-snapshot-test>"
            >
              <h2
                class="<removed-for-snapshot-test>"
              >
                Transfer
              </h2>
              <div
                class="<removed-for-snapshot-test>"
              >
                <div
                  class="<removed-for-snapshot-test>"
                >
                  <div
                    class="<removed-for-snapshot-test>"
                  >
                    <label
                      class="<removed-for-snapshot-test>"
                    >
                      Replication frequency
                      <span
                        class="<removed-for-snapshot-test>"
                      >
                        <span
                          class="<removed-for-snapshot-test>"
                        >
                          <span
                            class="<removed-for-snapshot-test>"
                          >
                            <svg
                              fill="none"
                              height="11"
                              viewBox="0 0 14 14"
                              width="11"
                            >
                              <path
                                d="M7.00016 13.6663C3.31816 13.6663 0.333496 10.6817 0.333496 6.99967C0.333496 3.31767 3.31816 0.333008 7.00016 0.333008C10.6822 0.333008 13.6668 3.31767 13.6668 6.99967C13.6668 10.6817 10.6822 13.6663 7.00016 13.6663ZM7.00016 12.333C8.41465 12.333 9.77121 11.7711 10.7714 10.7709C11.7716 9.77072 12.3335 8.41416 12.3335 6.99967C12.3335 5.58519 11.7716 4.22863 10.7714 3.22844C9.77121 2.22824 8.41465 1.66634 7.00016 1.66634C5.58567 1.66634 4.22912 2.22824 3.22893 3.22844C2.22873 4.22863 1.66683 5.58519 1.66683 6.99967C1.66683 8.41416 2.22873 9.77072 3.22893 10.7709C4.22912 11.7711 5.58567 12.333 7.00016 12.333ZM6.3335 3.66634H7.66683V4.99967H6.3335V3.66634ZM6.3335 6.33301H7.66683V10.333H6.3335V6.33301Z"
                                fill="currentColor"
                              />
                            </svg>
                          </span>
                        </span>
                      </span>
                    </label>
                  </div>
                </div>
                <div
                  class="<removed-for-snapshot-test>"
                  style="pointer-events: auto;"
                >
                  <div
                    class="<removed-for-snapshot-test>"
                    data-testid="scheduleData"
                    role="combobox"
                  >
                    <span
                      class="<removed-for-snapshot-test>"
                      id="react-select-2-live-region"
                    />
                    <span
                      aria-atomic="false"
                      aria-live="polite"
                      aria-relevant="additions text"
                      class="<removed-for-snapshot-test>"
                    />
                    <div
                      class="<removed-for-snapshot-test>"
                    >
                      <div
                        class="<removed-for-snapshot-test>"
                      >
                        <div
                          class="<removed-for-snapshot-test>"
                        >
                          <div
                            class="<removed-for-snapshot-test>"
                          >
                            <div
                              class="<removed-for-snapshot-test>"
                            >
                              Every 24 hours
                            </div>
                          </div>
                        </div>
                        <input
                          aria-autocomplete="list"
                          aria-expanded="false"
                          aria-haspopup="true"
                          aria-readonly="true"
                          class="<removed-for-snapshot-test>"
                          id="react-select-2-input"
                          inputmode="none"
                          role="combobox"
                          tabindex="0"
                          value=""
                        />
                      </div>
                      <div
                        class="<removed-for-snapshot-test>"
                      >
                        <div
                          aria-hidden="true"
                          class="<removed-for-snapshot-test>"
                        >
                          <svg
                            aria-hidden="true"
                            class="<removed-for-snapshot-test>"
                            data-icon="sort-down"
                            data-prefix="fas"
                            focusable="false"
                            role="img"
                            viewBox="0 0 320 512"
                            xmlns="http://www.w3.org/2000/svg"
                          >
                            <path
                              d="M182.6 470.6c-12.5 12.5-32.8 12.5-45.3 0l-128-128c-9.2-9.2-11.9-22.9-6.9-34.9s16.6-19.8 29.6-19.8H288c12.9 0 24.6 7.8 29.6 19.8s2.2 25.7-6.9 34.9l-128 128z"
                              fill="currentColor"
                            />
                          </svg>
                        </div>
                      </div>
                    </div>
                    <input
                      name="scheduleData"
                      type="hidden"
                      value="[object Object]"
                    />
                  </div>
                </div>
              </div>
              <div
                class="<removed-for-snapshot-test>"
              >
                <div
                  class="<removed-for-snapshot-test>"
                >
                  <div
                    class="<removed-for-snapshot-test>"
                  >
                    <label
                      class="<removed-for-snapshot-test>"
                    >
                      Non-breaking schema updates detected
                      <span
                        class="<removed-for-snapshot-test>"
                      >
                        <span
                          class="<removed-for-snapshot-test>"
                        >
                          <span
                            class="<removed-for-snapshot-test>"
                          >
                            <svg
                              fill="none"
                              height="11"
                              viewBox="0 0 14 14"
                              width="11"
                            >
                              <path
                                d="M7.00016 13.6663C3.31816 13.6663 0.333496 10.6817 0.333496 6.99967C0.333496 3.31767 3.31816 0.333008 7.00016 0.333008C10.6822 0.333008 13.6668 3.31767 13.6668 6.99967C13.6668 10.6817 10.6822 13.6663 7.00016 13.6663ZM7.00016 12.333C8.41465 12.333 9.77121 11.7711 10.7714 10.7709C11.7716 9.77072 12.3335 8.41416 12.3335 6.99967C12.3335 5.58519 11.7716 4.22863 10.7714 3.22844C9.77121 2.22824 8.41465 1.66634 7.00016 1.66634C5.58567 1.66634 4.22912 2.22824 3.22893 3.22844C2.22873 4.22863 1.66683 5.58519 1.66683 6.99967C1.66683 8.41416 2.22873 9.77072 3.22893 10.7709C4.22912 11.7711 5.58567 12.333 7.00016 12.333ZM6.3335 3.66634H7.66683V4.99967H6.3335V3.66634ZM6.3335 6.33301H7.66683V10.333H6.3335V6.33301Z"
                                fill="currentColor"
                              />
                            </svg>
                          </span>
                        </span>
                      </span>
                    </label>
                  </div>
                </div>
                <div
                  class="<removed-for-snapshot-test>"
                >
                  <div
                    class="<removed-for-snapshot-test>"
                    data-testid="nonBreakingChangesPreference"
                    role="combobox"
                  >
                    <span
                      class="<removed-for-snapshot-test>"
                      id="react-select-3-live-region"
                    />
                    <span
                      aria-atomic="false"
                      aria-live="polite"
                      aria-relevant="additions text"
                      class="<removed-for-snapshot-test>"
                    />
                    <div
                      class="<removed-for-snapshot-test>"
                    >
                      <div
                        class="<removed-for-snapshot-test>"
                      >
                        <div
                          class="<removed-for-snapshot-test>"
                        >
                          <div
                            class="<removed-for-snapshot-test>"
                          >
                            <div
                              class="<removed-for-snapshot-test>"
                            >
                              Ignore
                            </div>
                          </div>
                        </div>
                        <input
                          aria-autocomplete="list"
                          aria-expanded="false"
                          aria-haspopup="true"
                          aria-readonly="true"
                          class="<removed-for-snapshot-test>"
                          id="react-select-3-input"
                          inputmode="none"
                          role="combobox"
                          tabindex="0"
                          value=""
                        />
                      </div>
                      <div
                        class="<removed-for-snapshot-test>"
                      >
                        <div
                          aria-hidden="true"
                          class="<removed-for-snapshot-test>"
                        >
                          <svg
                            aria-hidden="true"
                            class="<removed-for-snapshot-test>"
                            data-icon="sort-down"
                            data-prefix="fas"
                            focusable="false"
                            role="img"
                            viewBox="0 0 320 512"
                            xmlns="http://www.w3.org/2000/svg"
                          >
                            <path
                              d="M182.6 470.6c-12.5 12.5-32.8 12.5-45.3 0l-128-128c-9.2-9.2-11.9-22.9-6.9-34.9s16.6-19.8 29.6-19.8H288c12.9 0 24.6 7.8 29.6 19.8s2.2 25.7-6.9 34.9l-128 128z"
                              fill="currentColor"
                            />
                          </svg>
                        </div>
                      </div>
                    </div>
                    <input
                      name="nonBreakingChangesPreference"
                      type="hidden"
                      value="ignore"
                    />
                  </div>
                </div>
              </div>
            </div>
          </div>
          <div
            class="<removed-for-snapshot-test>"
          >
            <div
              class="<removed-for-snapshot-test>"
            >
              <h2
                class="<removed-for-snapshot-test>"
              >
                Streams
              </h2>
              <span
                class=""
              >
                <div
                  class="<removed-for-snapshot-test>"
                >
                  <div
                    class="<removed-for-snapshot-test>"
                  >
                    <div
                      class="<removed-for-snapshot-test>"
                    >
                      <label
                        class="<removed-for-snapshot-test>"
                      >
                        Destination Namespace
                        <span
                          class="<removed-for-snapshot-test>"
                        >
                          <span
                            class="<removed-for-snapshot-test>"
                          >
                            <span
                              class="<removed-for-snapshot-test>"
                            >
                              <svg
                                fill="none"
                                height="11"
                                viewBox="0 0 14 14"
                                width="11"
                              >
                                <path
                                  d="M7.00016 13.6663C3.31816 13.6663 0.333496 10.6817 0.333496 6.99967C0.333496 3.31767 3.31816 0.333008 7.00016 0.333008C10.6822 0.333008 13.6668 3.31767 13.6668 6.99967C13.6668 10.6817 10.6822 13.6663 7.00016 13.6663ZM7.00016 12.333C8.41465 12.333 9.77121 11.7711 10.7714 10.7709C11.7716 9.77072 12.3335 8.41416 12.3335 6.99967C12.3335 5.58519 11.7716 4.22863 10.7714 3.22844C9.77121 2.22824 8.41465 1.66634 7.00016 1.66634C5.58567 1.66634 4.22912 2.22824 3.22893 3.22844C2.22873 4.22863 1.66683 5.58519 1.66683 6.99967C1.66683 8.41416 2.22873 9.77072 3.22893 10.7709C4.22912 11.7711 5.58567 12.333 7.00016 12.333ZM6.3335 3.66634H7.66683V4.99967H6.3335V3.66634ZM6.3335 6.33301H7.66683V10.333H6.3335V6.33301Z"
                                  fill="currentColor"
                                />
                              </svg>
                            </span>
                          </span>
                        </span>
                      </label>
                    </div>
                  </div>
                  <div
                    class="<removed-for-snapshot-test>"
                  >
                    <div
                      class="<removed-for-snapshot-test>"
                      data-testid="namespaceDefinition"
                      role="combobox"
                    >
                      <span
                        class="<removed-for-snapshot-test>"
                        id="react-select-4-live-region"
                      />
                      <span
                        aria-atomic="false"
                        aria-live="polite"
                        aria-relevant="additions text"
                        class="<removed-for-snapshot-test>"
                      />
                      <div
                        class="<removed-for-snapshot-test>"
                      >
                        <div
                          class="<removed-for-snapshot-test>"
                        >
                          <div
                            class="<removed-for-snapshot-test>"
                          >
                            <div
                              class="<removed-for-snapshot-test>"
                            >
                              <div
                                class="<removed-for-snapshot-test>"
                              >
                                Destination default
                              </div>
                            </div>
                          </div>
                          <input
                            aria-autocomplete="list"
                            aria-expanded="false"
                            aria-haspopup="true"
                            aria-readonly="true"
                            class="<removed-for-snapshot-test>"
                            id="react-select-4-input"
                            inputmode="none"
                            role="combobox"
                            tabindex="0"
                            value=""
                          />
                        </div>
                        <div
                          class="<removed-for-snapshot-test>"
                        >
                          <div
                            aria-hidden="true"
                            class="<removed-for-snapshot-test>"
                          >
                            <svg
                              aria-hidden="true"
                              class="<removed-for-snapshot-test>"
                              data-icon="sort-down"
                              data-prefix="fas"
                              focusable="false"
                              role="img"
                              viewBox="0 0 320 512"
                              xmlns="http://www.w3.org/2000/svg"
                            >
                              <path
                                d="M182.6 470.6c-12.5 12.5-32.8 12.5-45.3 0l-128-128c-9.2-9.2-11.9-22.9-6.9-34.9s16.6-19.8 29.6-19.8H288c12.9 0 24.6 7.8 29.6 19.8s2.2 25.7-6.9 34.9l-128 128z"
                                fill="currentColor"
                              />
                            </svg>
                          </div>
                        </div>
                      </div>
                      <input
                        name="namespaceDefinition"
                        type="hidden"
                        value="destination"
                      />
                    </div>
                  </div>
                </div>
              </span>
              <div
                class="<removed-for-snapshot-test>"
              >
                <div
                  class="<removed-for-snapshot-test>"
                >
                  <div
                    class="<removed-for-snapshot-test>"
                  >
                    <label
                      class="<removed-for-snapshot-test>"
                    >
                      Destination Stream Prefix
                      <span
                        class="<removed-for-snapshot-test>"
                      >
                        <span
                          class="<removed-for-snapshot-test>"
                        >
                          <span
                            class="<removed-for-snapshot-test>"
                          >
                            <svg
                              fill="none"
                              height="11"
                              viewBox="0 0 14 14"
                              width="11"
                            >
                              <path
                                d="M7.00016 13.6663C3.31816 13.6663 0.333496 10.6817 0.333496 6.99967C0.333496 3.31767 3.31816 0.333008 7.00016 0.333008C10.6822 0.333008 13.6668 3.31767 13.6668 6.99967C13.6668 10.6817 10.6822 13.6663 7.00016 13.6663ZM7.00016 12.333C8.41465 12.333 9.77121 11.7711 10.7714 10.7709C11.7716 9.77072 12.3335 8.41416 12.3335 6.99967C12.3335 5.58519 11.7716 4.22863 10.7714 3.22844C9.77121 2.22824 8.41465 1.66634 7.00016 1.66634C5.58567 1.66634 4.22912 2.22824 3.22893 3.22844C2.22873 4.22863 1.66683 5.58519 1.66683 6.99967C1.66683 8.41416 2.22873 9.77072 3.22893 10.7709C4.22912 11.7711 5.58567 12.333 7.00016 12.333ZM6.3335 3.66634H7.66683V4.99967H6.3335V3.66634ZM6.3335 6.33301H7.66683V10.333H6.3335V6.33301Z"
                                fill="currentColor"
                              />
                            </svg>
                          </span>
                        </span>
                      </span>
                      <p
                        class="<removed-for-snapshot-test>"
                        data-type="text"
                      >
                        Optional
                      </p>
                    </label>
                  </div>
                </div>
                <div
                  class="<removed-for-snapshot-test>"
                >
                  <div
                    class="<removed-for-snapshot-test>"
                    data-testid="input-container"
                  >
                    <input
                      class="<removed-for-snapshot-test>"
                      data-testid="prefixInput"
                      name="prefix"
                      placeholder="prefix"
                      style="pointer-events: auto;"
                      type="text"
                      value=""
                    />
                  </div>
                </div>
              </div>
            </div>
          </div>
          <div
            class="<removed-for-snapshot-test>"
          >
            <div
              class="<removed-for-snapshot-test>"
            >
              <div
                class="<removed-for-snapshot-test>"
              >
                <h2
                  class="<removed-for-snapshot-test>"
                >
                  Activate the streams you want to sync
                </h2>
                <button
                  class="<removed-for-snapshot-test>"
                  data-testid="refresh-source-schema-btn"
                  type="button"
                >
                  <div
                    class="<removed-for-snapshot-test>"
                  >
                    <svg
                      aria-hidden="true"
                      class="<removed-for-snapshot-test>"
                      data-icon="rotate"
                      data-prefix="fas"
                      focusable="false"
                      role="img"
                      viewBox="0 0 512 512"
                      xmlns="http://www.w3.org/2000/svg"
                    >
                      <path
                        d="M142.9 142.9c62.2-62.2 162.7-62.5 225.3-1L327 183c-6.9 6.9-8.9 17.2-5.2 26.2s12.5 14.8 22.2 14.8H463.5c0 0 0 0 0 0H472c13.3 0 24-10.7 24-24V72c0-9.7-5.8-18.5-14.8-22.2s-19.3-1.7-26.2 5.2L413.4 96.6c-87.6-86.5-228.7-86.2-315.8 1C73.2 122 55.6 150.7 44.8 181.4c-5.9 16.7 2.9 34.9 19.5 40.8s34.9-2.9 40.8-19.5c7.7-21.8 20.2-42.3 37.8-59.8zM16 312v7.6 .7V440c0 9.7 5.8 18.5 14.8 22.2s19.3 1.7 26.2-5.2l41.6-41.6c87.6 86.5 228.7 86.2 315.8-1c24.4-24.4 42.1-53.1 52.9-83.7c5.9-16.7-2.9-34.9-19.5-40.8s-34.9 2.9-40.8 19.5c-7.7 21.8-20.2 42.3-37.8 59.8c-62.2 62.2-162.7 62.5-225.3 1L185 329c6.9-6.9 8.9-17.2 5.2-26.2s-12.5-14.8-22.2-14.8H48.4h-.7H40c-13.3 0-24 10.7-24 24z"
                        fill="currentColor"
                      />
                    </svg>
                    Refresh source schema
                  </div>
                </button>
              </div>
              <div
                class="<removed-for-snapshot-test>"
              >
                <div
                  class="<removed-for-snapshot-test>"
                >
                  <div
                    class="<removed-for-snapshot-test>"
                    data-testid="input-container"
                  >
                    <input
                      class="<removed-for-snapshot-test>"
                      data-testid="input"
                      placeholder="Search stream name"
                    />
                  </div>
                </div>
                <div
                  class="<removed-for-snapshot-test>"
                >
                  <div
                    class="<removed-for-snapshot-test>"
                  >
                    <div
                      class="<removed-for-snapshot-test>"
                    >
                      <div
                        class="<removed-for-snapshot-test>"
                      >
                        <label
                          class="<removed-for-snapshot-test>"
                        >
                          <input
                            aria-checked="false"
                            type="checkbox"
                          />
                        </label>
                      </div>
                      <div
                        class="<removed-for-snapshot-test>"
                      />
                      <div
                        class="<removed-for-snapshot-test>"
                      >
                        Sync
                      </div>
                      <div
                        class="<removed-for-snapshot-test>"
                      >
                        Source
                        <span
                          class="<removed-for-snapshot-test>"
                        >
                          <span
                            class="<removed-for-snapshot-test>"
                          >
                            <span
                              class="<removed-for-snapshot-test>"
                            >
                              <svg
                                fill="none"
                                height="11"
                                viewBox="0 0 14 14"
                                width="11"
                              >
                                <path
                                  d="M7.00016 13.6663C3.31816 13.6663 0.333496 10.6817 0.333496 6.99967C0.333496 3.31767 3.31816 0.333008 7.00016 0.333008C10.6822 0.333008 13.6668 3.31767 13.6668 6.99967C13.6668 10.6817 10.6822 13.6663 7.00016 13.6663ZM7.00016 12.333C8.41465 12.333 9.77121 11.7711 10.7714 10.7709C11.7716 9.77072 12.3335 8.41416 12.3335 6.99967C12.3335 5.58519 11.7716 4.22863 10.7714 3.22844C9.77121 2.22824 8.41465 1.66634 7.00016 1.66634C5.58567 1.66634 4.22912 2.22824 3.22893 3.22844C2.22873 4.22863 1.66683 5.58519 1.66683 6.99967C1.66683 8.41416 2.22873 9.77072 3.22893 10.7709C4.22912 11.7711 5.58567 12.333 7.00016 12.333ZM6.3335 3.66634H7.66683V4.99967H6.3335V3.66634ZM6.3335 6.33301H7.66683V10.333H6.3335V6.33301Z"
                                  fill="currentColor"
                                />
                              </svg>
                            </span>
                          </span>
                        </span>
                      </div>
                      <div
                        class="<removed-for-snapshot-test>"
                      />
                      <div
                        class="<removed-for-snapshot-test>"
                      >
                        Sync mode
                        <span
                          class="<removed-for-snapshot-test>"
                        >
                          <span
                            class="<removed-for-snapshot-test>"
                          >
                            <span
                              class="<removed-for-snapshot-test>"
                            >
                              <svg
                                fill="none"
                                height="11"
                                viewBox="0 0 14 14"
                                width="11"
                              >
                                <path
                                  d="M7.00016 13.6663C3.31816 13.6663 0.333496 10.6817 0.333496 6.99967C0.333496 3.31767 3.31816 0.333008 7.00016 0.333008C10.6822 0.333008 13.6668 3.31767 13.6668 6.99967C13.6668 10.6817 10.6822 13.6663 7.00016 13.6663ZM7.00016 12.333C8.41465 12.333 9.77121 11.7711 10.7714 10.7709C11.7716 9.77072 12.3335 8.41416 12.3335 6.99967C12.3335 5.58519 11.7716 4.22863 10.7714 3.22844C9.77121 2.22824 8.41465 1.66634 7.00016 1.66634C5.58567 1.66634 4.22912 2.22824 3.22893 3.22844C2.22873 4.22863 1.66683 5.58519 1.66683 6.99967C1.66683 8.41416 2.22873 9.77072 3.22893 10.7709C4.22912 11.7711 5.58567 12.333 7.00016 12.333ZM6.3335 3.66634H7.66683V4.99967H6.3335V3.66634ZM6.3335 6.33301H7.66683V10.333H6.3335V6.33301Z"
                                  fill="currentColor"
                                />
                              </svg>
                            </span>
                          </span>
                        </span>
                      </div>
                      <div
                        class="<removed-for-snapshot-test>"
                      >
                        Cursor field
                        <span
                          class="<removed-for-snapshot-test>"
                        >
                          <span
                            class="<removed-for-snapshot-test>"
                          >
                            <span
                              class="<removed-for-snapshot-test>"
                            >
                              <svg
                                fill="none"
                                height="11"
                                viewBox="0 0 14 14"
                                width="11"
                              >
                                <path
                                  d="M7.00016 13.6663C3.31816 13.6663 0.333496 10.6817 0.333496 6.99967C0.333496 3.31767 3.31816 0.333008 7.00016 0.333008C10.6822 0.333008 13.6668 3.31767 13.6668 6.99967C13.6668 10.6817 10.6822 13.6663 7.00016 13.6663ZM7.00016 12.333C8.41465 12.333 9.77121 11.7711 10.7714 10.7709C11.7716 9.77072 12.3335 8.41416 12.3335 6.99967C12.3335 5.58519 11.7716 4.22863 10.7714 3.22844C9.77121 2.22824 8.41465 1.66634 7.00016 1.66634C5.58567 1.66634 4.22912 2.22824 3.22893 3.22844C2.22873 4.22863 1.66683 5.58519 1.66683 6.99967C1.66683 8.41416 2.22873 9.77072 3.22893 10.7709C4.22912 11.7711 5.58567 12.333 7.00016 12.333ZM6.3335 3.66634H7.66683V4.99967H6.3335V3.66634ZM6.3335 6.33301H7.66683V10.333H6.3335V6.33301Z"
                                  fill="currentColor"
                                />
                              </svg>
                            </span>
                          </span>
                        </span>
                      </div>
                      <div
                        class="<removed-for-snapshot-test>"
                      >
                        Primary key
                        <span
                          class="<removed-for-snapshot-test>"
                        >
                          <span
                            class="<removed-for-snapshot-test>"
                          >
                            <span
                              class="<removed-for-snapshot-test>"
                            >
                              <svg
                                fill="none"
                                height="11"
                                viewBox="0 0 14 14"
                                width="11"
                              >
                                <path
                                  d="M7.00016 13.6663C3.31816 13.6663 0.333496 10.6817 0.333496 6.99967C0.333496 3.31767 3.31816 0.333008 7.00016 0.333008C10.6822 0.333008 13.6668 3.31767 13.6668 6.99967C13.6668 10.6817 10.6822 13.6663 7.00016 13.6663ZM7.00016 12.333C8.41465 12.333 9.77121 11.7711 10.7714 10.7709C11.7716 9.77072 12.3335 8.41416 12.3335 6.99967C12.3335 5.58519 11.7716 4.22863 10.7714 3.22844C9.77121 2.22824 8.41465 1.66634 7.00016 1.66634C5.58567 1.66634 4.22912 2.22824 3.22893 3.22844C2.22873 4.22863 1.66683 5.58519 1.66683 6.99967C1.66683 8.41416 2.22873 9.77072 3.22893 10.7709C4.22912 11.7711 5.58567 12.333 7.00016 12.333ZM6.3335 3.66634H7.66683V4.99967H6.3335V3.66634ZM6.3335 6.33301H7.66683V10.333H6.3335V6.33301Z"
                                  fill="currentColor"
                                />
                              </svg>
                            </span>
                          </span>
                        </span>
                      </div>
                      <div
                        class="<removed-for-snapshot-test>"
                      >
                        Destination
                        <span
                          class="<removed-for-snapshot-test>"
                        >
                          <span
                            class="<removed-for-snapshot-test>"
                          >
                            <span
                              class="<removed-for-snapshot-test>"
                            >
                              <svg
                                fill="none"
                                height="11"
                                viewBox="0 0 14 14"
                                width="11"
                              >
                                <path
                                  d="M7.00016 13.6663C3.31816 13.6663 0.333496 10.6817 0.333496 6.99967C0.333496 3.31767 3.31816 0.333008 7.00016 0.333008C10.6822 0.333008 13.6668 3.31767 13.6668 6.99967C13.6668 10.6817 10.6822 13.6663 7.00016 13.6663ZM7.00016 12.333C8.41465 12.333 9.77121 11.7711 10.7714 10.7709C11.7716 9.77072 12.3335 8.41416 12.3335 6.99967C12.3335 5.58519 11.7716 4.22863 10.7714 3.22844C9.77121 2.22824 8.41465 1.66634 7.00016 1.66634C5.58567 1.66634 4.22912 2.22824 3.22893 3.22844C2.22873 4.22863 1.66683 5.58519 1.66683 6.99967C1.66683 8.41416 2.22873 9.77072 3.22893 10.7709C4.22912 11.7711 5.58567 12.333 7.00016 12.333ZM6.3335 3.66634H7.66683V4.99967H6.3335V3.66634ZM6.3335 6.33301H7.66683V10.333H6.3335V6.33301Z"
                                  fill="currentColor"
                                />
                              </svg>
                            </span>
                          </span>
                        </span>
                      </div>
                      <div
                        class="<removed-for-snapshot-test>"
                      />
                    </div>
                    <div
                      class="<removed-for-snapshot-test>"
                    >
                      <div
                        class="<removed-for-snapshot-test>"
                      />
                      <div
                        class="<removed-for-snapshot-test>"
                      >
                        Namespace
                      </div>
                      <div
                        class="<removed-for-snapshot-test>"
                      >
                        Stream name
                      </div>
                      <div
                        class="<removed-for-snapshot-test>"
                      >
                        Source | Destination
                      </div>
                      <div
                        class="<removed-for-snapshot-test>"
                      />
                      <div
                        class="<removed-for-snapshot-test>"
                      />
                      <div
                        class="<removed-for-snapshot-test>"
                      >
                        Namespace
                      </div>
                      <div
                        class="<removed-for-snapshot-test>"
                      >
                        Stream name
                      </div>
                    </div>
                    <div
                      class="<removed-for-snapshot-test>"
                    >
                      <div
                        class="<removed-for-snapshot-test>"
                      >
                        <div
                          class="<removed-for-snapshot-test>"
                        >
                          <div
                            class="<removed-for-snapshot-test>"
                          />
                          <label
                            class="<removed-for-snapshot-test>"
                          >
                            <input
                              aria-checked="false"
                              type="checkbox"
                            />
                          </label>
                        </div>
                        <div
                          class="<removed-for-snapshot-test>"
                        >
                          <span
                            class="<removed-for-snapshot-test>"
                            data-testid="pokemon_expandStreamDetails"
                          >
                            <svg
                              aria-hidden="true"
                              class="<removed-for-snapshot-test>"
                              data-icon="chevron-right"
                              data-prefix="fas"
                              focusable="false"
                              role="img"
                              viewBox="0 0 384 512"
                              xmlns="http://www.w3.org/2000/svg"
                            >
                              <path
                                d="M342.6 233.4c12.5 12.5 12.5 32.8 0 45.3l-192 192c-12.5 12.5-32.8 12.5-45.3 0s-12.5-32.8 0-45.3L274.7 256 105.4 86.6c-12.5-12.5-12.5-32.8 0-45.3s32.8-12.5 45.3 0l192 192z"
                                fill="currentColor"
                              />
                            </svg>
                          </span>
                        </div>
                        <div
                          class="<removed-for-snapshot-test>"
                        >
                          <div
                            class="<removed-for-snapshot-test>"
                          >
                            <label
                              class="<removed-for-snapshot-test>"
                            >
                              <input
                                aria-checked="true"
                                checked=""
                                class="<removed-for-snapshot-test>"
                                data-testid="pokemon-stream-sync-switch"
                                type="checkbox"
                                value=""
                              />
                              <span
                                class="<removed-for-snapshot-test>"
                              />
                            </label>
                          </div>
                          <div
                            class="<removed-for-snapshot-test>"
                            title=""
                          >
                            <span
                              class="<removed-for-snapshot-test>"
                            >
                              No namespace
                            </span>
                          </div>
                          <div
                            class="<removed-for-snapshot-test>"
                            data-testid="streamNameCell"
                            title="pokemon"
                          >
                            pokemon
                          </div>
                          <div
                            class="<removed-for-snapshot-test>"
                          >
                            <div
                              class="<removed-for-snapshot-test>"
                              data-testid="syncSettingsDropdown"
                              role="combobox"
                            >
                              <span
                                class="<removed-for-snapshot-test>"
                                id="react-select-5-live-region"
                              />
                              <span
                                aria-atomic="false"
                                aria-live="polite"
                                aria-relevant="additions text"
                                class="<removed-for-snapshot-test>"
                              />
                              <div
                                class="<removed-for-snapshot-test>"
                              >
                                <div
                                  class="<removed-for-snapshot-test>"
                                >
                                  <div
                                    class="<removed-for-snapshot-test>"
                                  >
                                    <div
                                      class="<removed-for-snapshot-test>"
                                    >
                                      <div>
                                        Full refresh
                                      </div>
                                      <div
                                        class="<removed-for-snapshot-test>"
                                      >
                                        |
                                      </div>
                                      <div>
                                        Overwrite
                                      </div>
                                    </div>
                                  </div>
                                  <input
                                    aria-autocomplete="list"
                                    aria-expanded="false"
                                    aria-haspopup="true"
                                    aria-readonly="true"
                                    class="<removed-for-snapshot-test>"
                                    id="react-select-5-input"
                                    inputmode="none"
                                    role="combobox"
                                    tabindex="0"
                                    value=""
                                  />
                                </div>
                                <div
                                  class="<removed-for-snapshot-test>"
                                >
                                  <div
                                    aria-hidden="true"
                                    class="<removed-for-snapshot-test>"
                                  >
                                    <svg
                                      aria-hidden="true"
                                      class="<removed-for-snapshot-test>"
                                      data-icon="sort-down"
                                      data-prefix="fas"
                                      focusable="false"
                                      role="img"
                                      viewBox="0 0 320 512"
                                      xmlns="http://www.w3.org/2000/svg"
                                    >
                                      <path
                                        d="M182.6 470.6c-12.5 12.5-32.8 12.5-45.3 0l-128-128c-9.2-9.2-11.9-22.9-6.9-34.9s16.6-19.8 29.6-19.8H288c12.9 0 24.6 7.8 29.6 19.8s2.2 25.7-6.9 34.9l-128 128z"
                                        fill="currentColor"
                                      />
                                    </svg>
                                  </div>
                                </div>
                              </div>
                            </div>
                          </div>
                          <div
                            class="<removed-for-snapshot-test>"
                          />
                          <div
                            class="<removed-for-snapshot-test>"
                          />
                          <div
                            class="<removed-for-snapshot-test>"
                            title="'<destination schema>"
                          >
                            '&lt;destination schema&gt;
                          </div>
                          <div
                            class="<removed-for-snapshot-test>"
                            title="pokemon"
                          >
                            pokemon
                          </div>
                        </div>
                      </div>
                    </div>
                  </div>
                </div>
              </div>
            </div>
          </div>
        </div>
        <div
          class="<removed-for-snapshot-test>"
        >
          <div
            class="<removed-for-snapshot-test>"
          >
            <div
              class="<removed-for-snapshot-test>"
            >
              <h2
                class="<removed-for-snapshot-test>"
              >
                Normalization & Transformation
              </h2>
              <div
                class="<removed-for-snapshot-test>"
              >
                <div
                  class="<removed-for-snapshot-test>"
                >
                  <label
                    class="<removed-for-snapshot-test>"
                  >
                    <div
                      class="<removed-for-snapshot-test>"
                    />
                    <input
                      class="<removed-for-snapshot-test>"
                      id="radiobutton-normalization.raw"
                      label="[object Object]"
                      name="normalization"
                      type="radio"
                      value="raw"
                    />
                  </label>
                  <label
                    class="<removed-for-snapshot-test>"
                    for="radiobutton-normalization.raw"
                  >
                    Raw data (JSON)
                    <span
                      class="<removed-for-snapshot-test>"
                    />
                  </label>
                </div>
                <div
                  class="<removed-for-snapshot-test>"
                >
                  <label
                    class="<removed-for-snapshot-test>"
                  >
                    <div
                      class="<removed-for-snapshot-test>"
                    />
                    <input
                      checked=""
                      class="<removed-for-snapshot-test>"
                      id="radiobutton-normalization.basic"
                      label="[object Object]"
                      name="normalization"
                      type="radio"
                      value="basic"
                    />
                  </label>
                  <label
                    class="<removed-for-snapshot-test>"
                    for="radiobutton-normalization.basic"
                  >
                    Normalized tabular data
                    <span
                      class="<removed-for-snapshot-test>"
                    >
                      Map the JSON object to the types and format native to the destination. 
                      <a
                        class="<removed-for-snapshot-test>"
                        href="https://docs.airbyte.com/understanding-airbyte/connections#airbyte-basic-normalization"
                        target="_blank"
                      >
                        Learn more
                      </a>
                    </span>
                  </label>
                </div>
              </div>
              <div
                class="<removed-for-snapshot-test>"
              >
                <div
                  class="<removed-for-snapshot-test>"
                >
                  No custom transformation
                  <button
                    class="<removed-for-snapshot-test>"
                    data-testid="addItemButton"
                    type="button"
                  >
                    <div
                      class="<removed-for-snapshot-test>"
                    >
                      + Add transformation
                    </div>
                  </button>
                </div>
              </div>
            </div>
          </div>
        </div>
        <div
          class="<removed-for-snapshot-test>"
        >
          <div />
          <div>
            <button
              class="<removed-for-snapshot-test>"
              type="submit"
            >
              <div
                class="<removed-for-snapshot-test>"
              >
                Set up connection
              </div>
            </button>
          </div>
        </div>
      </form>
    </div>
  </div>
</body>
`;

exports[`CreateConnectionForm should render when loading 1`] = `
<body>
  <div>
    <div
      class="<removed-for-snapshot-test>"
    >
      <div
        class="<removed-for-snapshot-test>"
      >
        <div
          class="<removed-for-snapshot-test>"
        />
        <div
          class="<removed-for-snapshot-test>"
        >
          Please wait a little bit more…
        </div>
      </div>
      <div
        class="<removed-for-snapshot-test>"
      >
        We are fetching the schema of your data source. 
This should take less than a minute, but may take a few minutes on slow internet connections or data sources with a large amount of tables.
      </div>
    </div>
  </div>
</body>
`;

exports[`CreateConnectionForm should render with an error 1`] = `
<body>
  <div>
    <div
      class="<removed-for-snapshot-test>"
    >
      <div
        class="<removed-for-snapshot-test>"
      >
        <div
          class="<removed-for-snapshot-test>"
        >
          <svg
            data-icon="cross"
            fill="none"
            height="10"
            role="img"
            viewBox="0 0 10 10"
            width="10"
          >
            <path
              d="M9.20495 0.71967C8.91206 0.426777 8.43718 0.426777 8.14429 0.71967L4.96234 3.90162L1.7804 0.719679C1.48751 0.426786 1.01263 0.426786 0.71974 0.719679C0.426847 1.01257 0.426847 1.48745 0.71974 1.78034L3.90168 4.96228L0.71967 8.14429C0.426777 8.43718 0.426777 8.91206 0.71967 9.20495C1.01256 9.49784 1.48744 9.49784 1.78033 9.20495L4.96234 6.02294L8.14436 9.20496C8.43725 9.49785 8.91213 9.49785 9.20502 9.20496C9.49791 8.91207 9.49791 8.43719 9.20502 8.1443L6.023 4.96228L9.20495 1.78033C9.49784 1.48744 9.49784 1.01256 9.20495 0.71967Z"
              fill="currentColor"
            />
          </svg>
        </div>
        <p
          class="<removed-for-snapshot-test>"
          data-type="text"
        >
          Failed to fetch schema. Please try again
        </p>
        <p
          class="<removed-for-snapshot-test>"
          data-type="text"
        >
          Error: Test Error
        </p>
        <button
          class="<removed-for-snapshot-test>"
        >
          <div
            class="<removed-for-snapshot-test>"
          >
            Try again
          </div>
        </button>
      </div>
    </div>
  </div>
</body>
`;
